// Jest Snapshot v1, https://goo.gl/fbAQLP

exports[`StaticTag Component render correctly 1`] = `
<div
  className="undefined static-tag"
/>
`;
