// Jest Snapshot v1, https://goo.gl/fbAQLP

exports[`Login Component render correctly 1`] = `
<form
  className="login-form"
  onSubmit={[Function]}
>
  <div
    className="field"
  >
    <label
      className="label"
    >
      Email
    </label>
    <div
      className="control"
    >
      <input
        className="input"
        placeholder="Username"
        type="text"
      />
    </div>
  </div>
  <div
    className="field"
  >
    <label
      className="label"
    >
      Password
    </label>
    <div
      className="control"
    >
      <input
        className="input"
        type="password"
      />
    </div>
  </div>
  <div
    className="control"
  >
    <button
      className="button is-primary"
      disabled={undefined}
      type="submit"
    >
      Submit
    </button>
  </div>
</form>
`;
